[03:19:34.433] [WARN] [HTTP] SLOW GET /payroll/report/division-raw-tree 12610ms
[03:19:48.429] [WARN] [HTTP] SLOW GET /payroll/report/division-raw-tree 13863ms
[03:20:00.446] [WARN] [HTTP] SLOW GET /payroll/report/division-raw-tree 11947ms
[03:20:10.087] [WARN] [HTTP] SLOW GET /payroll/report/division-raw-tree 9556ms
[03:20:24.098] [WARN] [HTTP] SLOW GET /payroll/report/division-raw-tree 13966ms
[03:20:36.393] [WARN] [HTTP] SLOW GET /payroll/report/division-raw-tree 12206ms
[03:20:45.910] [WARN] [HTTP] SLOW GET /payroll/report/division-raw-tree 9417ms
[03:20:55.714] [WARN] [HTTP] SLOW GET /payroll/report/division-raw-tree 9764ms
[03:21:03.282] [WARN] [HTTP] SLOW GET /payroll/report/division-raw-tree 7534ms
[03:21:19.073] [WARN] [HTTP] SLOW GET /payroll/report/division-raw-tree 15738ms
[03:21:24.142] [WARN] [HTTP] SLOW GET /payroll/report/division-raw-tree 4992ms
[03:21:36.066] [WARN] [HTTP] SLOW GET /payroll/report/division-raw-tree 11892ms
[03:21:42.601] [WARN] [HTTP] SLOW POST /payroll/manual-adjustment/sync-status/by-api-key 2537ms
[03:21:48.143] [WARN] [HTTP] SLOW GET /payroll/report/division-raw-tree 11983ms
[03:21:58.672] [WARN] [HTTP] SLOW GET /payroll/report/division-raw-tree 10420ms
[03:22:06.715] [WARN] [HTTP] SLOW GET /payroll/report/division-raw-tree 7958ms
[03:22:20.056] [WARN] [HTTP] SLOW GET /payroll/report/division-raw-tree 13321ms
[03:22:31.243] [WARN] [HTTP] SLOW GET /payroll/report/division-raw-tree 11091ms
[03:22:39.618] [WARN] [HTTP] SLOW GET /payroll/report/division-raw-tree 8320ms
[03:22:47.203] [WARN] [HTTP] SLOW GET /payroll/report/division-raw-tree 7564ms
[03:22:51.336] [WARN] [HTTP] SLOW GET /payroll/report/division-raw-tree 4114ms
[03:23:06.341] [WARN] [HTTP] SLOW GET /payroll/report/division-raw-tree 14992ms
[03:23:10.781] [WARN] [HTTP] SLOW GET /payroll/report/division-raw-tree 4340ms
[03:24:27.047] [WARN] [HTTP] SLOW GET /payroll/report/division-raw-tree 11161ms
[03:24:37.550] [WARN] [HTTP] SLOW GET /payroll/report/division-raw-tree 10412ms
[03:24:51.512] [WARN] [HTTP] SLOW GET /payroll/report/division-raw-tree 10533ms
[03:25:14.569] [WARN] [HTTP] SLOW GET /payroll/report/division-raw-tree 9194ms
[03:25:46.595] [WARN] [HTTP] SLOW GET /payroll/report/division-raw-tree 9256ms
[03:26:15.572] [WARN] [HTTP] SLOW GET /payroll/report/division-raw-tree 10380ms
[03:26:47.918] [WARN] [HTTP] SLOW GET /payroll/report/division-raw-tree 9079ms
[03:26:58.410] [WARN] [HTTP] SLOW GET /payroll/report/division-raw-tree 10472ms
[03:28:08.771] [WARN] [HTTP] SLOW GET /payroll/report/division-raw-tree 11155ms
[03:29:04.308] [WARN] [HTTP] SLOW GET /payroll/report/division-raw-tree 18959ms
[03:29:04.413] [WARN] [HTTP] SLOW GET /payroll/report/division-raw-tree 19059ms
[03:29:20.212] [WARN] [HTTP] SLOW GET /payroll/report/division-raw-tree 15772ms
[03:29:20.530] [WARN] [HTTP] SLOW GET /payroll/report/division-raw-tree 16094ms
[03:29:37.505] [WARN] [HTTP] SLOW GET /payroll/report/division-raw-tree 16920ms
[03:29:38.268] [WARN] [HTTP] SLOW GET /payroll/report/division-raw-tree 17684ms
[03:29:55.027] [WARN] [HTTP] SLOW GET /payroll/report/division-raw-tree 16750ms
[03:29:55.134] [WARN] [HTTP] SLOW GET /payroll/report/division-raw-tree 16857ms
[03:30:02.983] [WARN] [HTTP] SLOW GET /payroll/report/division-raw-tree 7833ms
[03:30:03.464] [WARN] [HTTP] SLOW GET /payroll/report/division-raw-tree 8316ms
[DivisionConfigService] Division not found: STF-OFFICE
[03:30:03.525] [ERROR] [DB] Gateway Error (500): {"success":false,"db":"db_ptrj","server":"SERVER_PROFILE_2","execution_ms":9.565999984741211,"data":null,"error":"Database error: Invalid column name 'GangCode'."} Error: HTTP 500
[03:30:03.541] [ERROR] [DB] Query failed (Attempt 1/4) Error: Gateway returned 500: Internal Server Error - {"success":false,"db":"db_ptrj","server":"SERVER_PROFILE_2","execution_ms":9.565999984741211,"data":null,"error":"Database error: Invalid column name 'GangCode'."}
[03:30:04.080] [ERROR] [DB] Gateway Error (500): {"success":false,"db":"db_ptrj","server":"SERVER_PROFILE_2","execution_ms":7.711199998855591,"data":null,"error":"Database error: Invalid column name 'GangCode'."} Error: HTTP 500
[03:30:04.081] [ERROR] [DB] Query failed (Attempt 2/4) Error: Gateway returned 500: Internal Server Error - {"success":false,"db":"db_ptrj","server":"SERVER_PROFILE_2","execution_ms":7.711199998855591,"data":null,"error":"Database error: Invalid column name 'GangCode'."}
[03:30:05.121] [ERROR] [DB] Gateway Error (500): {"success":false,"db":"db_ptrj","server":"SERVER_PROFILE_2","execution_ms":29.358999967575073,"data":null,"error":"Database error: Invalid column name 'GangCode'."} Error: HTTP 500
[03:30:05.122] [ERROR] [DB] Query failed (Attempt 3/4) Error: Gateway returned 500: Internal Server Error - {"success":false,"db":"db_ptrj","server":"SERVER_PROFILE_2","execution_ms":29.358999967575073,"data":null,"error":"Database error: Invalid column name 'GangCode'."}
[03:30:07.162] [ERROR] [DB] Gateway Error (500): {"success":false,"db":"db_ptrj","server":"SERVER_PROFILE_2","execution_ms":13.746500015258789,"data":null,"error":"Database error: Invalid column name 'GangCode'."} Error: HTTP 500
[03:30:07.163] [ERROR] [DB] Query failed (Attempt 4/4) Error: Gateway returned 500: Internal Server Error - {"success":false,"db":"db_ptrj","server":"SERVER_PROFILE_2","execution_ms":13.746500015258789,"data":null,"error":"Database error: Invalid column name 'GangCode'."}
[DataExtractor] ARC Fallback employee query failed: Gateway returned 500: Internal Server Error - {"success":false,"db":"db_ptrj","server":"SERVER_PROFILE_2","execution_ms":13.746500015258789,"data":null,"error":"Database error: Invalid column name 'GangCode'."}
[03:30:07.165] [WARN] [HTTP] SLOW GET /payroll/report/division-raw-tree 3689ms
[03:30:08.113] [WARN] [HTTP] SLOW GET /payroll/report/division-raw-tree 4637ms
[DivisionConfigService] Division not found: SECURITY
[03:30:08.156] [ERROR] [DB] Gateway Error (500): {"success":false,"db":"db_ptrj","server":"SERVER_PROFILE_2","execution_ms":6.952300071716309,"data":null,"error":"Database error: Invalid column name 'GangCode'."} Error: HTTP 500
[03:30:08.157] [ERROR] [DB] Query failed (Attempt 1/4) Error: Gateway returned 500: Internal Server Error - {"success":false,"db":"db_ptrj","server":"SERVER_PROFILE_2","execution_ms":6.952300071716309,"data":null,"error":"Database error: Invalid column name 'GangCode'."}
[03:30:08.687] [ERROR] [DB] Gateway Error (500): {"success":false,"db":"db_ptrj","server":"SERVER_PROFILE_2","execution_ms":7.513400077819824,"data":null,"error":"Database error: Invalid column name 'GangCode'."} Error: HTTP 500
[03:30:08.688] [ERROR] [DB] Query failed (Attempt 2/4) Error: Gateway returned 500: Internal Server Error - {"success":false,"db":"db_ptrj","server":"SERVER_PROFILE_2","execution_ms":7.513400077819824,"data":null,"error":"Database error: Invalid column name 'GangCode'."}
[03:30:09.711] [ERROR] [DB] Gateway Error (500): {"success":false,"db":"db_ptrj","server":"SERVER_PROFILE_2","execution_ms":6.810500144958496,"data":null,"error":"Database error: Invalid column name 'GangCode'."} Error: HTTP 500
[03:30:09.713] [ERROR] [DB] Query failed (Attempt 3/4) Error: Gateway returned 500: Internal Server Error - {"success":false,"db":"db_ptrj","server":"SERVER_PROFILE_2","execution_ms":6.810500144958496,"data":null,"error":"Database error: Invalid column name 'GangCode'."}
[03:30:14.235] [ERROR] [DB] Gateway Error (500): {"success":false,"db":"db_ptrj","server":"SERVER_PROFILE_2","execution_ms":1932.7809998989105,"data":null,"error":"Database error: Invalid column name 'GangCode'."} Error: HTTP 500
[03:30:14.236] [ERROR] [DB] Query failed (Attempt 4/4) Error: Gateway returned 500: Internal Server Error - {"success":false,"db":"db_ptrj","server":"SERVER_PROFILE_2","execution_ms":1932.7809998989105,"data":null,"error":"Database error: Invalid column name 'GangCode'."}
[DataExtractor] ARC Fallback employee query failed: Gateway returned 500: Internal Server Error - {"success":false,"db":"db_ptrj","server":"SERVER_PROFILE_2","execution_ms":1932.7809998989105,"data":null,"error":"Database error: Invalid column name 'GangCode'."}
[03:30:14.237] [WARN] [HTTP] SLOW GET /payroll/report/division-raw-tree 6113ms
[03:30:29.417] [WARN] [HTTP] SLOW GET /payroll/report/division-raw-tree 21292ms
[03:30:34.147] [WARN] [HTTP] SLOW GET /payroll/report/division-raw-tree 15235ms
[03:30:46.390] [WARN] [HTTP] SLOW GET /payroll/report/division-raw-tree 16896ms
[03:30:46.460] [WARN] [HTTP] SLOW GET /payroll/report/division-raw-tree 16964ms
[03:31:00.378] [WARN] [HTTP] SLOW GET /payroll/report/division-raw-tree 13889ms
[03:31:00.823] [WARN] [HTTP] SLOW GET /payroll/report/division-raw-tree 14335ms
[03:31:13.924] [WARN] [HTTP] SLOW GET /payroll/report/division-raw-tree 13079ms
[03:31:14.109] [WARN] [HTTP] SLOW GET /payroll/report/division-raw-tree 13265ms
[03:31:19.407] [WARN] [HTTP] SLOW GET /payroll/report/division-raw-tree 5288ms
[03:31:19.504] [WARN] [HTTP] SLOW GET /payroll/report/division-raw-tree 5385ms
[03:31:24.214] [WARN] [HTTP] SLOW GET /payroll/report/division-raw-tree 4708ms
[03:31:24.314] [WARN] [HTTP] SLOW GET /payroll/report/division-raw-tree 4807ms
[03:31:28.407] [WARN] [HTTP] SLOW GET /payroll/report/division-raw-tree 4090ms
[03:32:02.952] [WARN] [HTTP] SLOW GET /payroll/report/division-raw-tree 12204ms
